// Jest Snapshot v1, https://goo.gl/fbAQLP

exports[`<Checkbox/> renders correcty 1`] = `
<label
  className="Checkbox__Label-raqpbq-0 iBlWzl"
>
  <input
    className="Checkbox__CCheckbox-raqpbq-1 gkWMsu"
    label="this is a checkbox"
    type="checkbox"
  />
  this is a checkbox
  <i
    className="material-icons"
  >
    check
  </i>
</label>
`;
